; Markup has been autogenerated by intel_update_markup.py ; INTEL


; INTEL_CUSTOMIZATION

; end INTEL_CUSTOMIZATION
