; INTEL_CUSTOMIZATION





; end INTEL_CUSTOMIZATION
